// Jest Snapshot v1, https://goo.gl/fbAQLP

exports[`getTweets Saga should call the tweetsLoadingError action if the response errors 1`] = `
Object {
  "@@redux-saga/IO": true,
  "CALL": Object {
    "args": Array [
      "localhost:3000/api/feed",
    ],
    "context": null,
    "fn": [Function],
  },
}
`;

exports[`getTweets Saga should dispatch the tweetsLoaded action if it requests the data successfully 1`] = `
Object {
  "@@redux-saga/IO": true,
  "CALL": Object {
    "args": Array [
      "localhost:3000/api/feed",
    ],
    "context": null,
    "fn": [Function],
  },
}
`;
